C251 COMPILER V5.04b,  Light                                                               07/04/17  20:31:54  PAGE 1   


C251 COMPILER V5.04b, COMPILATION OF MODULE Light
OBJECT MODULE PLACED IN Light.obj
COMPILER INVOKED BY: d:\Keil\C251\BIN\C251.EXE SRC\Light.c XSMALL BROWSE DEBUG PRINT(.\Light.lst) OBJECT(Light.obj) 

stmt  level    source

    1          #include "Light.h"
    2          #include "AD.h"
    3          #include "Flash.h"
    4          #include "Uart.h"
    5          
    6          #define CS1_Open P2 &=~BIT2       //个位选择
    7          #define CS2_Open P2 &=~BIT3      //十位选择
    8          #define CS3_Open P2 &=~BIT0      //百位选择
    9          #define CS4_Open P2 &=~BIT1      //千位选择
   10          #define CS1_Close P2 |=BIT2      //位选关闭
   11          #define CS2_Close P2 |=BIT3
   12          #define CS3_Close P2 |=BIT0
   13          #define CS4_Close P2 |=BIT1
   14          
   15          
   16          uint8 const Dcode_Light[]={10,0,4,5,1,9,11,3,19,23,7,6,14,15,13,29,
   17                                    31,27,26,30,22,20,28,12,8,24,25,17,16,18,2};//光电码值表30个
   18          uint8 Data,Data1;     //译码缓存值
   19          uint8 Code_Flag;  //译码标志值
   20          uint8 Data_Buf[]={0,0,0,0};  //个十百千位数据序号
   21          uint8 Result_Buf[]={0,0,0,0};  //个十百千位结果缓存
   22          uchar Result[]={0,0,0,0};  //个十百千位结果缓存
   23          
   24          //延时函数
   25          void delay2(unsigned int ms)
   26          {
   27   1      unsigned int i,j;
   28   1      
   29   1      for( i=0;i<ms;i++)
   30   1      
   31   1      for(j=0;j<60;j++); 
   32   1      }
   33          
   34          /*******************************************************************************
   35          * 函  数  名      : Light_Init
   36          * 描      述      : 光电初始化函数，设置对应的引脚输入输出状态 
   37          * 输      入      : 无.
   38          * 返      回      : 无.
   39          *******************************************************************************/


Module Information          Static   Overlayable
------------------------------------------------
  code size            =        11     ------
  ecode size           =    ------     ------
  data size            =    ------     ------
  idata size           =    ------     ------
  pdata size           =    ------     ------
  xdata size           =    ------     ------
  xdata-const size     =    ------     ------
  edata size           =        26     ------
  bit size             =    ------     ------
  ebit size            =    ------     ------
  bitaddressable size  =    ------     ------
  ebitaddressable size =    ------     ------
  far data size        =    ------     ------
  huge data size       =    ------     ------
  const size           =    ------     ------
  hconst size          =        94     ------
End of Module Information.

C251 COMPILER V5.04b,  Light                                                               07/04/17  20:31:54  PAGE 2   


C251 COMPILATION COMPLETE.  0 WARNING(S),  0 ERROR(S)
